
> newsroom-backend@1.0.0 dev
> nodemon src/server.js

[33m[nodemon] 3.1.11[39m
[33m[nodemon] to restart at any time, enter `rs`[39m
[33m[nodemon] watching path(s): *.*[39m
[33m[nodemon] watching extensions: js,mjs,cjs,json[39m
[32m[nodemon] starting `node src/server.js`[39m
✅ MongoDB connected successfully
Database: test
Server running on port 5001
[0mGET /api/health [32m200[0m 1.668 ms - 15[0m
[0mGET /api/home [36m304[0m 72.555 ms - -[0m
[0mGET /api/home [36m304[0m 82.512 ms - -[0m
[0mGET /api/home [36m304[0m 2004.642 ms - -[0m
[0mGET /api/home [36m304[0m 69.563 ms - -[0m
MongoDB disconnected
MongoDB disconnected
MongoDB disconnected
MongoDB disconnected
MongoDB disconnected
MongoDB disconnected
MongoDB disconnected
[0mGET /api/articles?flag=breaking [32m200[0m 3203.941 ms - 2[0m
[0mGET /api/articles?flag=breaking [36m304[0m 69.157 ms - -[0m
[0mGET /api/home [36m304[0m 3825.043 ms - -[0m
MongoDB disconnected
MongoDB disconnected
MongoDB disconnected
MongoDB disconnected
MongoDB disconnected
MongoDB disconnected
MongoDB disconnected
MongoDB disconnected
MongoDB disconnected
MongoDB disconnected
MongoDB disconnected
[0mGET /api/articles?flag=breaking [36m304[0m 1510.350 ms - -[0m
[0mGET /api/articles?flag=breaking [36m304[0m 52.684 ms - -[0m
[0mGET /api/home [36m304[0m 1924.933 ms - -[0m
[0mGET /api/home [36m304[0m 889.231 ms - -[0m
[0mGET /api/home [36m304[0m 84.906 ms - -[0m
MongoDB disconnected
MongoDB disconnected
MongoDB disconnected
MongoDB disconnected
/Users/vishnupenuvarthi/Desktop/media/backend/node_modules/mongodb/lib/sdam/topology.js:327
                const timeoutError = new error_1.MongoServerSelectionError(`Server selection timed out after ${timeout?.duration} ms`, this.description);
                                     ^

MongoServerSelectionError: getaddrinfo ENOTFOUND ac-fuiavjv-shard-00-02.m1ayidz.mongodb.net
    at Topology.selectServer (/Users/vishnupenuvarthi/Desktop/media/backend/node_modules/mongodb/lib/sdam/topology.js:327:38)
    at runNextTicks (node:internal/process/task_queues:65:5)
    at listOnTimeout (node:internal/timers:569:9)
    at process.processTimers (node:internal/timers:543:7)
    at async tryOperation (/Users/vishnupenuvarthi/Desktop/media/backend/node_modules/mongodb/lib/operations/execute_operation.js:148:18)
    at async executeOperation (/Users/vishnupenuvarthi/Desktop/media/backend/node_modules/mongodb/lib/operations/execute_operation.js:78:16)
    at async FindCursor._initialize (/Users/vishnupenuvarthi/Desktop/media/backend/node_modules/mongodb/lib/cursor/find_cursor.js:62:26)
    at async FindCursor.cursorInit (/Users/vishnupenuvarthi/Desktop/media/backend/node_modules/mongodb/lib/cursor/abstract_cursor.js:632:27)
    at async FindCursor.fetchBatch (/Users/vishnupenuvarthi/Desktop/media/backend/node_modules/mongodb/lib/cursor/abstract_cursor.js:666:13)
    at async FindCursor.next (/Users/vishnupenuvarthi/Desktop/media/backend/node_modules/mongodb/lib/cursor/abstract_cursor.js:342:17) {
  errorLabelSet: Set(0) {},
  reason: TopologyDescription {
    type: 'ReplicaSetNoPrimary',
    servers: Map(3) {
      'ac-fuiavjv-shard-00-02.m1ayidz.mongodb.net:27017' => ServerDescription {
        address: 'ac-fuiavjv-shard-00-02.m1ayidz.mongodb.net:27017',
        type: 'Unknown',
        hosts: [],
        passives: [],
        arbiters: [],
        tags: {},
        minWireVersion: 0,
        maxWireVersion: 0,
        roundTripTime: -1,
        minRoundTripTime: 0,
        lastUpdateTime: 1016817890,
        lastWriteDate: 0,
        error: MongoNetworkError: getaddrinfo ENOTFOUND ac-fuiavjv-shard-00-02.m1ayidz.mongodb.net
            at TLSSocket.<anonymous> (/Users/vishnupenuvarthi/Desktop/media/backend/node_modules/mongodb/lib/cmap/connect.js:286:44)
            at Object.onceWrapper (node:events:622:26)
            at TLSSocket.emit (node:events:507:28)
            at emitErrorNT (node:internal/streams/destroy:170:8)
            at emitErrorCloseNT (node:internal/streams/destroy:129:3)
            at process.processTicksAndRejections (node:internal/process/task_queues:90:21) {
          errorLabelSet: Set(1) { 'ResetPool' },
          beforeHandshake: false,
          [cause]: Error: getaddrinfo ENOTFOUND ac-fuiavjv-shard-00-02.m1ayidz.mongodb.net
              at GetAddrInfoReqWrap.onlookupall [as oncomplete] (node:dns:122:26) {
            errno: -3008,
            code: 'ENOTFOUND',
            syscall: 'getaddrinfo',
            hostname: 'ac-fuiavjv-shard-00-02.m1ayidz.mongodb.net'
          }
        },
        topologyVersion: null,
        setName: null,
        setVersion: null,
        electionId: null,
        logicalSessionTimeoutMinutes: null,
        maxMessageSizeBytes: null,
        maxWriteBatchSize: null,
        maxBsonObjectSize: null,
        primary: null,
        me: null,
        '$clusterTime': null,
        iscryptd: false
      },
      'ac-fuiavjv-shard-00-01.m1ayidz.mongodb.net:27017' => ServerDescription {
        address: 'ac-fuiavjv-shard-00-01.m1ayidz.mongodb.net:27017',
        type: 'Unknown',
        hosts: [],
        passives: [],
        arbiters: [],
        tags: {},
        minWireVersion: 0,
        maxWireVersion: 0,
        roundTripTime: -1,
        minRoundTripTime: 0,
        lastUpdateTime: 1016498790,
        lastWriteDate: 0,
        error: MongoNetworkTimeoutError: connection <monitor> to 159.41.196.184:27017 timed out
            at Timeout._onTimeout (/Users/vishnupenuvarthi/Desktop/media/backend/node_modules/mongodb/lib/cmap/connection.js:126:26)
            at listOnTimeout (node:internal/timers:608:17)
            at process.processTimers (node:internal/timers:543:7) {
          errorLabelSet: Set(2) { 'ResetPool', 'InterruptInUseConnections' },
          beforeHandshake: false,
          [cause]: undefined
        },
        topologyVersion: null,
        setName: null,
        setVersion: null,
        electionId: null,
        logicalSessionTimeoutMinutes: null,
        maxMessageSizeBytes: null,
        maxWriteBatchSize: null,
        maxBsonObjectSize: null,
        primary: null,
        me: null,
        '$clusterTime': null,
        iscryptd: false
      },
      'ac-fuiavjv-shard-00-00.m1ayidz.mongodb.net:27017' => ServerDescription {
        address: 'ac-fuiavjv-shard-00-00.m1ayidz.mongodb.net:27017',
        type: 'Unknown',
        hosts: [],
        passives: [],
        arbiters: [],
        tags: {},
        minWireVersion: 0,
        maxWireVersion: 0,
        roundTripTime: -1,
        minRoundTripTime: 0,
        lastUpdateTime: 1016498790,
        lastWriteDate: 0,
        error: MongoNetworkTimeoutError: connection <monitor> to 159.41.196.158:27017 timed out
            at Timeout._onTimeout (/Users/vishnupenuvarthi/Desktop/media/backend/node_modules/mongodb/lib/cmap/connection.js:126:26)
            at listOnTimeout (node:internal/timers:608:17)
            at process.processTimers (node:internal/timers:543:7) {
          errorLabelSet: Set(2) { 'ResetPool', 'InterruptInUseConnections' },
          beforeHandshake: false,
          [cause]: undefined
        },
        topologyVersion: null,
        setName: null,
        setVersion: null,
        electionId: null,
        logicalSessionTimeoutMinutes: null,
        maxMessageSizeBytes: null,
        maxWriteBatchSize: null,
        maxBsonObjectSize: null,
        primary: null,
        me: null,
        '$clusterTime': null,
        iscryptd: false
      }
    },
    stale: false,
    compatible: true,
    heartbeatFrequencyMS: 10000,
    localThresholdMS: 15,
    setName: 'atlas-bwscvp-shard-0',
    maxElectionId: ObjectId {
      buffer: Buffer(12) [Uint8Array] [
        127, 255, 255, 255, 0,
          0,   0,   0,   0, 0,
          2, 125
      ]
    },
    maxSetVersion: 216,
    commonWireVersion: 0,
    logicalSessionTimeoutMinutes: null
  },
  code: undefined,
  [cause]: MongoNetworkError: getaddrinfo ENOTFOUND ac-fuiavjv-shard-00-02.m1ayidz.mongodb.net
      at TLSSocket.<anonymous> (/Users/vishnupenuvarthi/Desktop/media/backend/node_modules/mongodb/lib/cmap/connect.js:286:44)
      at Object.onceWrapper (node:events:622:26)
      at TLSSocket.emit (node:events:507:28)
      at emitErrorNT (node:internal/streams/destroy:170:8)
      at emitErrorCloseNT (node:internal/streams/destroy:129:3)
      at process.processTicksAndRejections (node:internal/process/task_queues:90:21) {
    errorLabelSet: Set(1) { 'ResetPool' },
    beforeHandshake: false,
    [cause]: Error: getaddrinfo ENOTFOUND ac-fuiavjv-shard-00-02.m1ayidz.mongodb.net
        at GetAddrInfoReqWrap.onlookupall [as oncomplete] (node:dns:122:26) {
      errno: -3008,
      code: 'ENOTFOUND',
      syscall: 'getaddrinfo',
      hostname: 'ac-fuiavjv-shard-00-02.m1ayidz.mongodb.net'
    }
  }
}

Node.js v24.3.0
[31m[nodemon] app crashed - waiting for file changes before starting...[39m
[32m[nodemon] restarting due to changes...[39m
[32m[nodemon] starting `node src/server.js`[39m
[32m[nodemon] restarting due to changes...[39m
[32m[nodemon] restarting due to changes...[39m
[32m[nodemon] restarting due to changes...[39m
[32m[nodemon] restarting due to changes...[39m
[32m[nodemon] restarting due to changes...[39m
[32m[nodemon] restarting due to changes...[39m
[32m[nodemon] restarting due to changes...[39m
[32m[nodemon] restarting due to changes...[39m
[32m[nodemon] restarting due to changes...[39m
[32m[nodemon] restarting due to changes...[39m
[32m[nodemon] restarting due to changes...[39m
[32m[nodemon] restarting due to changes...[39m
[32m[nodemon] restarting due to changes...[39m
[32m[nodemon] restarting due to changes...[39m
[32m[nodemon] restarting due to changes...[39m
[32m[nodemon] restarting due to changes...[39m
[32m[nodemon] restarting due to changes...[39m
[32m[nodemon] restarting due to changes...[39m
[32m[nodemon] restarting due to changes...[39m
[32m[nodemon] restarting due to changes...[39m
[32m[nodemon] restarting due to changes...[39m
[32m[nodemon] restarting due to changes...[39m
[32m[nodemon] restarting due to changes...[39m
[32m[nodemon] restarting due to changes...[39m
[32m[nodemon] restarting due to changes...[39m
[32m[nodemon] restarting due to changes...[39m
[32m[nodemon] restarting due to changes...[39m
[32m[nodemon] restarting due to changes...[39m
[32m[nodemon] restarting due to changes...[39m
[32m[nodemon] restarting due to changes...[39m
[32m[nodemon] restarting due to changes...[39m
[32m[nodemon] restarting due to changes...[39m
[32m[nodemon] restarting due to changes...[39m
[32m[nodemon] restarting due to changes...[39m
[32m[nodemon] starting `node src/server.js`[39m
❌ Failed to connect to MongoDB: Could not connect to any servers in your MongoDB Atlas cluster. One common reason is that you're trying to access the database from an IP that isn't whitelisted. Make sure your current IP address is on your Atlas cluster's IP whitelist: https://www.mongodb.com/docs/atlas/security-whitelist/
Connection string: mongodb+srv://***:***@cluster0.m1ayidz.mongodb.net/
[31m[nodemon] app crashed - waiting for file changes before starting...[39m
[32m[nodemon] restarting due to changes...[39m
[32m[nodemon] starting `node src/server.js`[39m
[32m[nodemon] restarting due to changes...[39m
[32m[nodemon] restarting due to changes...[39m
[32m[nodemon] restarting due to changes...[39m
[32m[nodemon] restarting due to changes...[39m
[32m[nodemon] restarting due to changes...[39m
[32m[nodemon] restarting due to changes...[39m
[32m[nodemon] restarting due to changes...[39m
[32m[nodemon] restarting due to changes...[39m
[32m[nodemon] restarting due to changes...[39m
[32m[nodemon] restarting due to changes...[39m
[32m[nodemon] restarting due to changes...[39m
[32m[nodemon] restarting due to changes...[39m
[32m[nodemon] restarting due to changes...[39m
[32m[nodemon] restarting due to changes...[39m
[32m[nodemon] restarting due to changes...[39m
[32m[nodemon] restarting due to changes...[39m
[32m[nodemon] restarting due to changes...[39m
[32m[nodemon] restarting due to changes...[39m
[32m[nodemon] restarting due to changes...[39m
[32m[nodemon] restarting due to changes...[39m
[32m[nodemon] restarting due to changes...[39m
[32m[nodemon] restarting due to changes...[39m
[32m[nodemon] restarting due to changes...[39m
[32m[nodemon] restarting due to changes...[39m
[32m[nodemon] restarting due to changes...[39m
[32m[nodemon] starting `node src/server.js`[39m
✅ MongoDB connected successfully
Database: test
Server running on port 5001
[32m[nodemon] restarting due to changes...[39m
[32m[nodemon] starting `node src/server.js`[39m
✅ MongoDB connected successfully
Database: test
Server running on port 5001
[32m[nodemon] restarting due to changes...[39m
[32m[nodemon] starting `node src/server.js`[39m
✅ MongoDB connected successfully
Database: test
Server running on port 5001
[32m[nodemon] restarting due to changes...[39m
[32m[nodemon] restarting due to changes...[39m
[32m[nodemon] starting `node src/server.js`[39m
✅ MongoDB connected successfully
Database: test
Server running on port 5001
[32m[nodemon] restarting due to changes...[39m
[32m[nodemon] starting `node src/server.js`[39m
[32m[nodemon] restarting due to changes...[39m
[32m[nodemon] starting `node src/server.js`[39m
✅ MongoDB connected successfully
Database: test
Server running on port 5001
[32m[nodemon] restarting due to changes...[39m
[32m[nodemon] starting `node src/server.js`[39m
[32m[nodemon] restarting due to changes...[39m
[32m[nodemon] starting `node src/server.js`[39m
✅ MongoDB connected successfully
Database: test
Server running on port 5001
[32m[nodemon] restarting due to changes...[39m
[32m[nodemon] starting `node src/server.js`[39m
[32m[nodemon] restarting due to changes...[39m
[32m[nodemon] starting `node src/server.js`[39m
✅ MongoDB connected successfully
Database: test
Server running on port 5001
[32m[nodemon] restarting due to changes...[39m
[32m[nodemon] starting `node src/server.js`[39m
[32m[nodemon] restarting due to changes...[39m
[32m[nodemon] starting `node src/server.js`[39m
✅ MongoDB connected successfully
Database: test
Server running on port 5001
[32m[nodemon] restarting due to changes...[39m
[32m[nodemon] starting `node src/server.js`[39m
✅ MongoDB connected successfully
Database: test
Server running on port 5001
[32m[nodemon] restarting due to changes...[39m
[32m[nodemon] starting `node src/server.js`[39m
✅ MongoDB connected successfully
Database: test
Server running on port 5001
[32m[nodemon] restarting due to changes...[39m
[32m[nodemon] starting `node src/server.js`[39m
file:///Users/vishnupenuvarthi/Desktop/media/backend/src/app.js:30
app.use(
    ^

ReferenceError: session is not defined
    at file:///Users/vishnupenuvarthi/Desktop/media/backend/src/app.js:30:5
    at ModuleJob.run (node:internal/modules/esm/module_job:365:25)
    at process.processTicksAndRejections (node:internal/process/task_queues:105:5)
    at async onImport.tracePromise.__proto__ (node:internal/modules/esm/loader:665:26)
    at async asyncRunEntryPointWithESMLoader (node:internal/modules/run_main:99:5)

Node.js v24.3.0
[31m[nodemon] app crashed - waiting for file changes before starting...[39m
[32m[nodemon] restarting due to changes...[39m
[32m[nodemon] starting `node src/server.js`[39m
file:///Users/vishnupenuvarthi/Desktop/media/backend/src/app.js:30
app.use(
    ^

ReferenceError: session is not defined
    at file:///Users/vishnupenuvarthi/Desktop/media/backend/src/app.js:30:5
    at ModuleJob.run (node:internal/modules/esm/module_job:365:25)
    at process.processTicksAndRejections (node:internal/process/task_queues:105:5)
    at async onImport.tracePromise.__proto__ (node:internal/modules/esm/loader:665:26)
    at async asyncRunEntryPointWithESMLoader (node:internal/modules/run_main:99:5)

Node.js v24.3.0
[31m[nodemon] app crashed - waiting for file changes before starting...[39m
[32m[nodemon] restarting due to changes...[39m
[32m[nodemon] starting `node src/server.js`[39m
file:///Users/vishnupenuvarthi/Desktop/media/backend/src/services/oauth.service.js:2
import { signToken, signRefreshToken } from '../utils/jwt.js';
         ^^^^^^^^^
SyntaxError: The requested module '../utils/jwt.js' does not provide an export named 'signToken'
    at #_instantiate (node:internal/modules/esm/module_job:249:21)
    at process.processTicksAndRejections (node:internal/process/task_queues:105:5)
    at async ModuleJob.run (node:internal/modules/esm/module_job:357:5)
    at async onImport.tracePromise.__proto__ (node:internal/modules/esm/loader:665:26)
    at async asyncRunEntryPointWithESMLoader (node:internal/modules/run_main:99:5)

Node.js v24.3.0
[31m[nodemon] app crashed - waiting for file changes before starting...[39m
[32m[nodemon] restarting due to changes...[39m
[32m[nodemon] starting `node src/server.js`[39m
✅ MongoDB connected successfully
Database: test
Server running on port 5001
[32m[nodemon] restarting due to changes...[39m
[32m[nodemon] starting `node src/server.js`[39m
✅ MongoDB connected successfully
Database: test
Server running on port 5001
[32m[nodemon] restarting due to changes...[39m
[32m[nodemon] starting `node src/server.js`[39m
✅ MongoDB connected successfully
Database: test
Server running on port 5001
[32m[nodemon] restarting due to changes...[39m
[32m[nodemon] starting `node src/server.js`[39m
✅ MongoDB connected successfully
Database: test
Server running on port 5001
[32m[nodemon] restarting due to changes...[39m
[32m[nodemon] starting `node src/server.js`[39m
✅ MongoDB connected successfully
Database: test
Server running on port 5001
[32m[nodemon] restarting due to changes...[39m
[32m[nodemon] starting `node src/server.js`[39m
✅ MongoDB connected successfully
Database: test
Server running on port 5001
[32m[nodemon] restarting due to changes...[39m
[32m[nodemon] starting `node src/server.js`[39m
✅ MongoDB connected successfully
Database: test
Server running on port 5001
[32m[nodemon] restarting due to changes...[39m
[32m[nodemon] starting `node src/server.js`[39m
✅ MongoDB connected successfully
Database: test
Server running on port 5001
[32m[nodemon] restarting due to changes...[39m
[32m[nodemon] starting `node src/server.js`[39m
✅ MongoDB connected successfully
Database: test
Server running on port 5001
[32m[nodemon] restarting due to changes...[39m
[32m[nodemon] restarting due to changes...[39m
[32m[nodemon] restarting due to changes...[39m
[32m[nodemon] restarting due to changes...[39m
[32m[nodemon] restarting due to changes...[39m
[32m[nodemon] restarting due to changes...[39m
[32m[nodemon] restarting due to changes...[39m
[32m[nodemon] starting `node src/server.js`[39m
[32m[nodemon] restarting due to changes...[39m
[32m[nodemon] restarting due to changes...[39m
[32m[nodemon] restarting due to changes...[39m
[32m[nodemon] starting `node src/server.js`[39m
✅ MongoDB connected successfully
Database: test
Server running on port 5001
MongoDB disconnected
MongoDB disconnected
MongoDB disconnected
MongoDB disconnected
MongoDB disconnected
MongoDB disconnected
MongoDB disconnected
MongoDB disconnected
MongoDB disconnected
MongoDB disconnected
MongoDB disconnected
MongoDB disconnected
MongoDB disconnected
MongoDB disconnected
MongoDB disconnected
MongoDB disconnected
MongoDB disconnected
MongoDB disconnected
MongoDB disconnected
MongoDB disconnected
MongoDB disconnected
MongoDB disconnected
MongoDB disconnected
MongoDB disconnected
MongoDB disconnected
MongoDB disconnected
MongoDB disconnected
MongoDB disconnected
MongoDB disconnected
/Users/vishnupenuvarthi/Desktop/media/backend/node_modules/mongodb/lib/sdam/topology.js:327
                const timeoutError = new error_1.MongoServerSelectionError(`Server selection timed out after ${timeout?.duration} ms`, this.description);
                                     ^

MongoServerSelectionError: C020B5FB01000000:error:0A000438:SSL routines:ssl3_read_bytes:tlsv1 alert internal error:ssl/record/rec_layer_s3.c:916:SSL alert number 80

    at Topology.selectServer (/Users/vishnupenuvarthi/Desktop/media/backend/node_modules/mongodb/lib/sdam/topology.js:327:38)
    at runNextTicks (node:internal/process/task_queues:65:5)
    at listOnTimeout (node:internal/timers:569:9)
    at process.processTimers (node:internal/timers:543:7)
    at async tryOperation (/Users/vishnupenuvarthi/Desktop/media/backend/node_modules/mongodb/lib/operations/execute_operation.js:148:18)
    at async executeOperation (/Users/vishnupenuvarthi/Desktop/media/backend/node_modules/mongodb/lib/operations/execute_operation.js:78:16)
    at async FindCursor._initialize (/Users/vishnupenuvarthi/Desktop/media/backend/node_modules/mongodb/lib/cursor/find_cursor.js:62:26)
    at async FindCursor.cursorInit (/Users/vishnupenuvarthi/Desktop/media/backend/node_modules/mongodb/lib/cursor/abstract_cursor.js:632:27)
    at async FindCursor.fetchBatch (/Users/vishnupenuvarthi/Desktop/media/backend/node_modules/mongodb/lib/cursor/abstract_cursor.js:666:13)
    at async FindCursor.next (/Users/vishnupenuvarthi/Desktop/media/backend/node_modules/mongodb/lib/cursor/abstract_cursor.js:342:17) {
  errorLabelSet: Set(0) {},
  reason: TopologyDescription {
    type: 'ReplicaSetNoPrimary',
    servers: Map(3) {
      'ac-fuiavjv-shard-00-01.m1ayidz.mongodb.net:27017' => ServerDescription {
        address: 'ac-fuiavjv-shard-00-01.m1ayidz.mongodb.net:27017',
        type: 'Unknown',
        hosts: [],
        passives: [],
        arbiters: [],
        tags: {},
        minWireVersion: 0,
        maxWireVersion: 0,
        roundTripTime: -1,
        minRoundTripTime: 0,
        lastUpdateTime: 1228941793,
        lastWriteDate: 0,
        error: MongoNetworkError: C020B5FB01000000:error:0A000438:SSL routines:ssl3_read_bytes:tlsv1 alert internal error:ssl/record/rec_layer_s3.c:916:SSL alert number 80
        
            at TLSSocket.<anonymous> (/Users/vishnupenuvarthi/Desktop/media/backend/node_modules/mongodb/lib/cmap/connect.js:286:44)
            at Object.onceWrapper (node:events:622:26)
            at TLSSocket.emit (node:events:507:28)
            at emitErrorNT (node:internal/streams/destroy:170:8)
            at emitErrorCloseNT (node:internal/streams/destroy:129:3)
            at process.processTicksAndRejections (node:internal/process/task_queues:90:21) {
          errorLabelSet: Set(1) { 'ResetPool' },
          beforeHandshake: false,
          [cause]: [Error: C020B5FB01000000:error:0A000438:SSL routines:ssl3_read_bytes:tlsv1 alert internal error:ssl/record/rec_layer_s3.c:916:SSL alert number 80
          ] {
            library: 'SSL routines',
            reason: 'tlsv1 alert internal error',
            code: 'ERR_SSL_TLSV1_ALERT_INTERNAL_ERROR'
          }
        },
        topologyVersion: null,
        setName: null,
        setVersion: null,
        electionId: null,
        logicalSessionTimeoutMinutes: null,
        maxMessageSizeBytes: null,
        maxWriteBatchSize: null,
        maxBsonObjectSize: null,
        primary: null,
        me: null,
        '$clusterTime': null,
        iscryptd: false
      },
      'ac-fuiavjv-shard-00-02.m1ayidz.mongodb.net:27017' => ServerDescription {
        address: 'ac-fuiavjv-shard-00-02.m1ayidz.mongodb.net:27017',
        type: 'Unknown',
        hosts: [],
        passives: [],
        arbiters: [],
        tags: {},
        minWireVersion: 0,
        maxWireVersion: 0,
        roundTripTime: -1,
        minRoundTripTime: 0,
        lastUpdateTime: 1228941815,
        lastWriteDate: 0,
        error: MongoNetworkError: C020B5FB01000000:error:0A000438:SSL routines:ssl3_read_bytes:tlsv1 alert internal error:ssl/record/rec_layer_s3.c:916:SSL alert number 80
        
            at TLSSocket.<anonymous> (/Users/vishnupenuvarthi/Desktop/media/backend/node_modules/mongodb/lib/cmap/connect.js:286:44)
            at Object.onceWrapper (node:events:622:26)
            at TLSSocket.emit (node:events:507:28)
            at emitErrorNT (node:internal/streams/destroy:170:8)
            at emitErrorCloseNT (node:internal/streams/destroy:129:3)
            at process.processTicksAndRejections (node:internal/process/task_queues:90:21) {
          errorLabelSet: Set(1) { 'ResetPool' },
          beforeHandshake: false,
          [cause]: [Error: C020B5FB01000000:error:0A000438:SSL routines:ssl3_read_bytes:tlsv1 alert internal error:ssl/record/rec_layer_s3.c:916:SSL alert number 80
          ] {
            library: 'SSL routines',
            reason: 'tlsv1 alert internal error',
            code: 'ERR_SSL_TLSV1_ALERT_INTERNAL_ERROR'
          }
        },
        topologyVersion: null,
        setName: null,
        setVersion: null,
        electionId: null,
        logicalSessionTimeoutMinutes: null,
        maxMessageSizeBytes: null,
        maxWriteBatchSize: null,
        maxBsonObjectSize: null,
        primary: null,
        me: null,
        '$clusterTime': null,
        iscryptd: false
      },
      'ac-fuiavjv-shard-00-00.m1ayidz.mongodb.net:27017' => ServerDescription {
        address: 'ac-fuiavjv-shard-00-00.m1ayidz.mongodb.net:27017',
        type: 'Unknown',
        hosts: [],
        passives: [],
        arbiters: [],
        tags: {},
        minWireVersion: 0,
        maxWireVersion: 0,
        roundTripTime: -1,
        minRoundTripTime: 0,
        lastUpdateTime: 1228941931,
        lastWriteDate: 0,
        error: MongoNetworkError: C020B5FB01000000:error:0A000438:SSL routines:ssl3_read_bytes:tlsv1 alert internal error:ssl/record/rec_layer_s3.c:916:SSL alert number 80
        
            at TLSSocket.<anonymous> (/Users/vishnupenuvarthi/Desktop/media/backend/node_modules/mongodb/lib/cmap/connect.js:286:44)
            at Object.onceWrapper (node:events:622:26)
            at TLSSocket.emit (node:events:507:28)
            at emitErrorNT (node:internal/streams/destroy:170:8)
            at emitErrorCloseNT (node:internal/streams/destroy:129:3)
            at process.processTicksAndRejections (node:internal/process/task_queues:90:21) {
          errorLabelSet: Set(1) { 'ResetPool' },
          beforeHandshake: false,
          [cause]: [Error: C020B5FB01000000:error:0A000438:SSL routines:ssl3_read_bytes:tlsv1 alert internal error:ssl/record/rec_layer_s3.c:916:SSL alert number 80
          ] {
            library: 'SSL routines',
            reason: 'tlsv1 alert internal error',
            code: 'ERR_SSL_TLSV1_ALERT_INTERNAL_ERROR'
          }
        },
        topologyVersion: null,
        setName: null,
        setVersion: null,
        electionId: null,
        logicalSessionTimeoutMinutes: null,
        maxMessageSizeBytes: null,
        maxWriteBatchSize: null,
        maxBsonObjectSize: null,
        primary: null,
        me: null,
        '$clusterTime': null,
        iscryptd: false
      }
    },
    stale: false,
    compatible: true,
    heartbeatFrequencyMS: 10000,
    localThresholdMS: 15,
    setName: 'atlas-bwscvp-shard-0',
    maxElectionId: ObjectId {
      buffer: Buffer(12) [Uint8Array] [
        127, 255, 255, 255, 0,
          0,   0,   0,   0, 0,
          2, 125
      ]
    },
    maxSetVersion: 216,
    commonWireVersion: 0,
    logicalSessionTimeoutMinutes: null
  },
  code: undefined,
  [cause]: MongoNetworkError: C020B5FB01000000:error:0A000438:SSL routines:ssl3_read_bytes:tlsv1 alert internal error:ssl/record/rec_layer_s3.c:916:SSL alert number 80
  
      at TLSSocket.<anonymous> (/Users/vishnupenuvarthi/Desktop/media/backend/node_modules/mongodb/lib/cmap/connect.js:286:44)
      at Object.onceWrapper (node:events:622:26)
      at TLSSocket.emit (node:events:507:28)
      at emitErrorNT (node:internal/streams/destroy:170:8)
      at emitErrorCloseNT (node:internal/streams/destroy:129:3)
      at process.processTicksAndRejections (node:internal/process/task_queues:90:21) {
    errorLabelSet: Set(1) { 'ResetPool' },
    beforeHandshake: false,
    [cause]: [Error: C020B5FB01000000:error:0A000438:SSL routines:ssl3_read_bytes:tlsv1 alert internal error:ssl/record/rec_layer_s3.c:916:SSL alert number 80
    ] {
      library: 'SSL routines',
      reason: 'tlsv1 alert internal error',
      code: 'ERR_SSL_TLSV1_ALERT_INTERNAL_ERROR'
    }
  }
}

Node.js v24.3.0
[31m[nodemon] app crashed - waiting for file changes before starting...[39m
[32m[nodemon] restarting due to changes...[39m
[32m[nodemon] starting `node src/server.js`[39m
✅ MongoDB connected successfully
Database: test
node:events:485
      throw er; // Unhandled 'error' event
      ^

Error: listen EADDRINUSE: address already in use :::5001
    at Server.setupListenHandle [as _listen2] (node:net:1940:16)
    at listenInCluster (node:net:1997:12)
    at Server.listen (node:net:2102:7)
    at app.listen (/Users/vishnupenuvarthi/Desktop/media/backend/node_modules/express/lib/application.js:635:24)
    at start (file:///Users/vishnupenuvarthi/Desktop/media/backend/src/server.js:7:7)
    at process.processTicksAndRejections (node:internal/process/task_queues:105:5)
Emitted 'error' event on Server instance at:
    at emitErrorNT (node:net:1976:8)
    at process.processTicksAndRejections (node:internal/process/task_queues:90:21) {
  code: 'EADDRINUSE',
  errno: -48,
  syscall: 'listen',
  address: '::',
  port: 5001
}

Node.js v24.3.0
[31m[nodemon] app crashed - waiting for file changes before starting...[39m
[32m[nodemon] restarting due to changes...[39m
[32m[nodemon] starting `node src/server.js`[39m
[32m[nodemon] restarting due to changes...[39m
[32m[nodemon] starting `node src/server.js`[39m
✅ MongoDB connected successfully
Database: test
Server running on port 5001
[0mGET /api/home [36m304[0m 481.097 ms - -[0m
[0mGET /api/home [36m304[0m 78.982 ms - -[0m
file:///Users/vishnupenuvarthi/Desktop/media/backend/src/controllers/category.controller.js:8
    throw new ApiError(404, 'Category not found');
          ^

ApiError: Category not found
    at getCategory (file:///Users/vishnupenuvarthi/Desktop/media/backend/src/controllers/category.controller.js:8:11)
    at process.processTicksAndRejections (node:internal/process/task_queues:105:5) {
  statusCode: 404,
  details: undefined
}

Node.js v24.3.0
[31m[nodemon] app crashed - waiting for file changes before starting...[39m
[32m[nodemon] restarting due to changes...[39m
[32m[nodemon] starting `node src/server.js`[39m
[32m[nodemon] restarting due to changes...[39m
[32m[nodemon] starting `node src/server.js`[39m
✅ MongoDB connected successfully
Database: test
Server running on port 5001
[32m[nodemon] restarting due to changes...[39m
[32m[nodemon] starting `node src/server.js`[39m
[32m[nodemon] restarting due to changes...[39m
[32m[nodemon] starting `node src/server.js`[39m
✅ MongoDB connected successfully
Database: test
node:events:485
      throw er; // Unhandled 'error' event
      ^

Error: listen EADDRINUSE: address already in use :::5001
    at Server.setupListenHandle [as _listen2] (node:net:1940:16)
    at listenInCluster (node:net:1997:12)
    at Server.listen (node:net:2102:7)
    at app.listen (/Users/vishnupenuvarthi/Desktop/media/backend/node_modules/express/lib/application.js:635:24)
    at start (file:///Users/vishnupenuvarthi/Desktop/media/backend/src/server.js:7:7)
    at process.processTicksAndRejections (node:internal/process/task_queues:105:5)
Emitted 'error' event on Server instance at:
    at emitErrorNT (node:net:1976:8)
    at process.processTicksAndRejections (node:internal/process/task_queues:90:21) {
  code: 'EADDRINUSE',
  errno: -48,
  syscall: 'listen',
  address: '::',
  port: 5001
}

Node.js v24.3.0
[31m[nodemon] app crashed - waiting for file changes before starting...[39m
[32m[nodemon] restarting due to changes...[39m
[32m[nodemon] starting `node src/server.js`[39m
[32m[nodemon] restarting due to changes...[39m
[32m[nodemon] starting `node src/server.js`[39m
✅ MongoDB connected successfully
Database: test
node:events:485
      throw er; // Unhandled 'error' event
      ^

Error: listen EADDRINUSE: address already in use :::5001
    at Server.setupListenHandle [as _listen2] (node:net:1940:16)
    at listenInCluster (node:net:1997:12)
    at Server.listen (node:net:2102:7)
    at app.listen (/Users/vishnupenuvarthi/Desktop/media/backend/node_modules/express/lib/application.js:635:24)
    at start (file:///Users/vishnupenuvarthi/Desktop/media/backend/src/server.js:7:7)
    at process.processTicksAndRejections (node:internal/process/task_queues:105:5)
Emitted 'error' event on Server instance at:
    at emitErrorNT (node:net:1976:8)
    at process.processTicksAndRejections (node:internal/process/task_queues:90:21) {
  code: 'EADDRINUSE',
  errno: -48,
  syscall: 'listen',
  address: '::',
  port: 5001
}

Node.js v24.3.0
[31m[nodemon] app crashed - waiting for file changes before starting...[39m
[32m[nodemon] restarting due to changes...[39m
[32m[nodemon] starting `node src/server.js`[39m
✅ MongoDB connected successfully
Database: test
node:events:485
      throw er; // Unhandled 'error' event
      ^

Error: listen EADDRINUSE: address already in use :::5001
    at Server.setupListenHandle [as _listen2] (node:net:1940:16)
    at listenInCluster (node:net:1997:12)
    at Server.listen (node:net:2102:7)
    at app.listen (/Users/vishnupenuvarthi/Desktop/media/backend/node_modules/express/lib/application.js:635:24)
    at start (file:///Users/vishnupenuvarthi/Desktop/media/backend/src/server.js:7:7)
    at process.processTicksAndRejections (node:internal/process/task_queues:105:5)
Emitted 'error' event on Server instance at:
    at emitErrorNT (node:net:1976:8)
    at process.processTicksAndRejections (node:internal/process/task_queues:90:21) {
  code: 'EADDRINUSE',
  errno: -48,
  syscall: 'listen',
  address: '::',
  port: 5001
}

Node.js v24.3.0
[31m[nodemon] app crashed - waiting for file changes before starting...[39m
[32m[nodemon] restarting due to changes...[39m
[32m[nodemon] starting `node src/server.js`[39m
[32m[nodemon] restarting due to changes...[39m
[32m[nodemon] starting `node src/server.js`[39m
✅ MongoDB connected successfully
Database: test
Server running on port 5001
[32m[nodemon] restarting due to changes...[39m
[32m[nodemon] starting `node src/server.js`[39m
✅ MongoDB connected successfully
Database: test
Server running on port 5001
[32m[nodemon] restarting due to changes...[39m
[32m[nodemon] starting `node src/server.js`[39m
✅ MongoDB connected successfully
Database: test
📅 Starting news aggregation scheduler...
Starting scheduled news aggregation...
Starting news aggregation for language: te
Fetching from: https://news.google.com/rss/search?q=నెల్లూరు+ఆంధ్రప్రదేశ్&hl=te&gl=IN&ceid=IN:te
✅ News aggregation scheduled to run every 30 minutes
Error fetching RSS feed https://news.google.com/rss/search?q=నెల్లూరు+ఆంధ్రప్రదేశ్&hl=te&gl=IN&ceid=IN:te: Request path contains unescaped characters
node:events:485
      throw er; // Unhandled 'error' event
      ^

Error: listen EADDRINUSE: address already in use :::5001
    at Server.setupListenHandle [as _listen2] (node:net:1940:16)
    at listenInCluster (node:net:1997:12)
    at Server.listen (node:net:2102:7)
    at app.listen (/Users/vishnupenuvarthi/Desktop/media/backend/node_modules/express/lib/application.js:635:24)
    at start (file:///Users/vishnupenuvarthi/Desktop/media/backend/src/server.js:14:7)
    at process.processTicksAndRejections (node:internal/process/task_queues:105:5)
Emitted 'error' event on Server instance at:
    at emitErrorNT (node:net:1976:8)
    at process.processTicksAndRejections (node:internal/process/task_queues:90:21) {
  code: 'EADDRINUSE',
  errno: -48,
  syscall: 'listen',
  address: '::',
  port: 5001
}

Node.js v24.3.0
[31m[nodemon] app crashed - waiting for file changes before starting...[39m
[32m[nodemon] restarting due to changes...[39m
[32m[nodemon] starting `node src/server.js`[39m
✅ MongoDB connected successfully
Database: test
📅 Starting news aggregation scheduler...
Starting scheduled news aggregation...
Starting news aggregation for language: te
Fetching from: https://news.google.com/rss/search?q=నెల్లూరు+ఆంధ్రప్రదేశ్&hl=te&gl=IN&ceid=IN:te
✅ News aggregation scheduled to run every 30 minutes
Error fetching RSS feed https://news.google.com/rss/search?q=నెల్లూరు+ఆంధ్రప్రదేశ్&hl=te&gl=IN&ceid=IN:te: Request path contains unescaped characters
Server running on port 5001
Fetching from: https://news.google.com/rss/search?q=నెల్లూరు+వార్తలు&hl=te&gl=IN&ceid=IN:te
Error fetching RSS feed https://news.google.com/rss/search?q=నెల్లూరు+వార్తలు&hl=te&gl=IN&ceid=IN:te: Request path contains unescaped characters
Fetching from: https://www.etvbharat.com/telugu/andhra-pradesh/rss-feed
Error fetching RSS feed https://www.etvbharat.com/telugu/andhra-pradesh/rss-feed: Status code 410
Fetching from: https://www.sakshi.com/rss/telugu/andhra-pradesh
Error fetching RSS feed https://www.sakshi.com/rss/telugu/andhra-pradesh: Attribute without value
Line: 46
Column: 15
Char: s
Found 0 articles for te
After deduplication: 0 articles
Aggregation complete - Saved: 0, Skipped: 0
Starting news aggregation for language: en
Fetching from: https://news.google.com/rss/search?q=Nellore+Andhra+Pradesh&hl=en-IN&gl=IN&ceid=IN:en
[32m[nodemon] restarting due to changes...[39m
[32m[nodemon] starting `node src/server.js`[39m
✅ MongoDB connected successfully
Database: test
📅 Starting news aggregation scheduler...
Starting scheduled news aggregation...
Starting news aggregation for language: te
Fetching from: https://news.google.com/rss/search?q=నెల్లూరు+ఆంధ్రప్రదేశ్&hl=te&gl=IN&ceid=IN:te
✅ News aggregation scheduled to run every 30 minutes
Error fetching RSS feed https://news.google.com/rss/search?q=నెల్లూరు+ఆంధ్రప్రదేశ్&hl=te&gl=IN&ceid=IN:te: Request path contains unescaped characters
Server running on port 5001
Fetching from: https://news.google.com/rss/search?q=నెల్లూరు+వార్తలు&hl=te&gl=IN&ceid=IN:te
Error fetching RSS feed https://news.google.com/rss/search?q=నెల్లూరు+వార్తలు&hl=te&gl=IN&ceid=IN:te: Request path contains unescaped characters
Fetching from: https://www.etvbharat.com/telugu/andhra-pradesh/rss-feed
Error fetching RSS feed https://www.etvbharat.com/telugu/andhra-pradesh/rss-feed: Status code 410
Fetching from: https://www.sakshi.com/rss/telugu/andhra-pradesh
Error fetching RSS feed https://www.sakshi.com/rss/telugu/andhra-pradesh: Attribute without value
Line: 46
Column: 15
Char: s
Found 0 articles for te
After deduplication: 0 articles
Aggregation complete - Saved: 0, Skipped: 0
Starting news aggregation for language: en
Fetching from: https://news.google.com/rss/search?q=Nellore+Andhra+Pradesh&hl=en-IN&gl=IN&ceid=IN:en
Fetching from: https://news.google.com/rss/search?q=Nellore+news&hl=en-IN&gl=IN&ceid=IN:en
[32m[nodemon] restarting due to changes...[39m
[32m[nodemon] starting `node src/server.js`[39m
✅ MongoDB connected successfully
Database: test
📅 Starting news aggregation scheduler...
Starting scheduled news aggregation...
Starting news aggregation for language: te
Fetching from: https://news.google.com/rss/search?q=నెల్లూరు+ఆంధ్రప్రదేశ్&hl=te&gl=IN&ceid=IN:te
✅ News aggregation scheduled to run every 30 minutes
Error fetching RSS feed https://news.google.com/rss/search?q=నెల్లూరు+ఆంధ్రప్రదేశ్&hl=te&gl=IN&ceid=IN:te: Request path contains unescaped characters
Server running on port 5001
Fetching from: https://news.google.com/rss/search?q=నెల్లూరు+వార్తలు&hl=te&gl=IN&ceid=IN:te
Error fetching RSS feed https://news.google.com/rss/search?q=నెల్లూరు+వార్తలు&hl=te&gl=IN&ceid=IN:te: Request path contains unescaped characters
Fetching from: https://www.etvbharat.com/telugu/andhra-pradesh/rss-feed
Error fetching RSS feed https://www.etvbharat.com/telugu/andhra-pradesh/rss-feed: Status code 410
[32m[nodemon] restarting due to changes...[39m
[32m[nodemon] starting `node src/server.js`[39m
✅ MongoDB connected successfully
Database: test
📅 Starting news aggregation scheduler...
Starting scheduled news aggregation...
Starting news aggregation for language: te
Fetching from: https://news.google.com/rss/search?q=నెల్లూరు+ఆంధ్రప్రదేశ్&hl=te&gl=IN&ceid=IN:te
✅ News aggregation scheduled to run every 30 minutes
Error fetching RSS feed https://news.google.com/rss/search?q=నెల్లూరు+ఆంధ్రప్రదేశ్&hl=te&gl=IN&ceid=IN:te: Request path contains unescaped characters
Server running on port 5001
[32m[nodemon] restarting due to changes...[39m
Fetching from: https://news.google.com/rss/search?q=నెల్లూరు+వార్తలు&hl=te&gl=IN&ceid=IN:te
Error fetching RSS feed https://news.google.com/rss/search?q=నెల్లూరు+వార్తలు&hl=te&gl=IN&ceid=IN:te: Request path contains unescaped characters
[32m[nodemon] starting `node src/server.js`[39m
✅ MongoDB connected successfully
Database: test
📅 Starting news aggregation scheduler...
Starting scheduled news aggregation...
Starting news aggregation for language: te
Fetching from: https://news.google.com/rss/search?q=నెల్లూరు+ఆంధ్రప్రదేశ్&hl=te&gl=IN&ceid=IN:te
✅ News aggregation scheduled to run every 30 minutes
Error fetching RSS feed https://news.google.com/rss/search?q=నెల్లూరు+ఆంధ్రప్రదేశ్&hl=te&gl=IN&ceid=IN:te: Request path contains unescaped characters
node:events:485
      throw er; // Unhandled 'error' event
      ^

Error: listen EADDRINUSE: address already in use :::5001
    at Server.setupListenHandle [as _listen2] (node:net:1940:16)
    at listenInCluster (node:net:1997:12)
    at Server.listen (node:net:2102:7)
    at app.listen (/Users/vishnupenuvarthi/Desktop/media/backend/node_modules/express/lib/application.js:635:24)
    at start (file:///Users/vishnupenuvarthi/Desktop/media/backend/src/server.js:14:7)
    at process.processTicksAndRejections (node:internal/process/task_queues:105:5)
Emitted 'error' event on Server instance at:
    at emitErrorNT (node:net:1976:8)
    at process.processTicksAndRejections (node:internal/process/task_queues:90:21) {
  code: 'EADDRINUSE',
  errno: -48,
  syscall: 'listen',
  address: '::',
  port: 5001
}

Node.js v24.3.0
[31m[nodemon] app crashed - waiting for file changes before starting...[39m
[32m[nodemon] restarting due to changes...[39m
[32m[nodemon] starting `node src/server.js`[39m
✅ MongoDB connected successfully
Database: test
📅 Starting news aggregation scheduler...
Starting scheduled news aggregation...
Starting news aggregation for language: te
Fetching from: https://news.google.com/rss/search?q=నెల్లూరు+ఆంధ్రప్రదేశ్&hl=te&gl=IN&ceid=IN:te
✅ News aggregation scheduled to run every 30 minutes
Error fetching RSS feed https://news.google.com/rss/search?q=నెల్లూరు+ఆంధ్రప్రదేశ్&hl=te&gl=IN&ceid=IN:te: Request path contains unescaped characters
node:events:485
      throw er; // Unhandled 'error' event
      ^

Error: listen EADDRINUSE: address already in use :::5001
    at Server.setupListenHandle [as _listen2] (node:net:1940:16)
    at listenInCluster (node:net:1997:12)
    at Server.listen (node:net:2102:7)
    at app.listen (/Users/vishnupenuvarthi/Desktop/media/backend/node_modules/express/lib/application.js:635:24)
    at start (file:///Users/vishnupenuvarthi/Desktop/media/backend/src/server.js:14:7)
    at process.processTicksAndRejections (node:internal/process/task_queues:105:5)
Emitted 'error' event on Server instance at:
    at emitErrorNT (node:net:1976:8)
    at process.processTicksAndRejections (node:internal/process/task_queues:90:21) {
  code: 'EADDRINUSE',
  errno: -48,
  syscall: 'listen',
  address: '::',
  port: 5001
}

Node.js v24.3.0
[31m[nodemon] app crashed - waiting for file changes before starting...[39m
[32m[nodemon] restarting due to changes...[39m
[32m[nodemon] starting `node src/server.js`[39m
[32m[nodemon] restarting due to changes...[39m
[32m[nodemon] starting `node src/server.js`[39m
✅ MongoDB connected successfully
Database: test
📅 Starting news aggregation scheduler...
Starting scheduled news aggregation...
Starting news aggregation for language: te
Fetching from: https://news.google.com/rss/search?q=నెల్లూరు+ఆంధ్రప్రదేశ్&hl=te&gl=IN&ceid=IN:te
✅ News aggregation scheduled to run every 30 minutes
Error fetching RSS feed https://news.google.com/rss/search?q=నెల్లూరు+ఆంధ్రప్రదేశ్&hl=te&gl=IN&ceid=IN:te: Request path contains unescaped characters
node:events:485
      throw er; // Unhandled 'error' event
      ^

Error: listen EADDRINUSE: address already in use :::5001
    at Server.setupListenHandle [as _listen2] (node:net:1940:16)
    at listenInCluster (node:net:1997:12)
    at Server.listen (node:net:2102:7)
    at app.listen (/Users/vishnupenuvarthi/Desktop/media/backend/node_modules/express/lib/application.js:635:24)
    at start (file:///Users/vishnupenuvarthi/Desktop/media/backend/src/server.js:14:7)
    at process.processTicksAndRejections (node:internal/process/task_queues:105:5)
Emitted 'error' event on Server instance at:
    at emitErrorNT (node:net:1976:8)
    at process.processTicksAndRejections (node:internal/process/task_queues:90:21) {
  code: 'EADDRINUSE',
  errno: -48,
  syscall: 'listen',
  address: '::',
  port: 5001
}

Node.js v24.3.0
[31m[nodemon] app crashed - waiting for file changes before starting...[39m
[32m[nodemon] restarting due to changes...[39m
[32m[nodemon] starting `node src/server.js`[39m
✅ MongoDB connected successfully
Database: test
📅 Starting news aggregation scheduler...
Starting scheduled news aggregation...
Starting news aggregation for language: te
Fetching from: https://news.google.com/rss/search?q=నెల్లూరు+ఆంధ్రప్రదేశ్&hl=te&gl=IN&ceid=IN:te
✅ News aggregation scheduled to run every 30 minutes
Error fetching RSS feed https://news.google.com/rss/search?q=నెల్లూరు+ఆంధ్రప్రదేశ్&hl=te&gl=IN&ceid=IN:te: Request path contains unescaped characters
node:events:485
      throw er; // Unhandled 'error' event
      ^

Error: listen EADDRINUSE: address already in use :::5001
    at Server.setupListenHandle [as _listen2] (node:net:1940:16)
    at listenInCluster (node:net:1997:12)
    at Server.listen (node:net:2102:7)
    at app.listen (/Users/vishnupenuvarthi/Desktop/media/backend/node_modules/express/lib/application.js:635:24)
    at start (file:///Users/vishnupenuvarthi/Desktop/media/backend/src/server.js:14:7)
    at process.processTicksAndRejections (node:internal/process/task_queues:105:5)
Emitted 'error' event on Server instance at:
    at emitErrorNT (node:net:1976:8)
    at process.processTicksAndRejections (node:internal/process/task_queues:90:21) {
  code: 'EADDRINUSE',
  errno: -48,
  syscall: 'listen',
  address: '::',
  port: 5001
}

Node.js v24.3.0
[31m[nodemon] app crashed - waiting for file changes before starting...[39m
[32m[nodemon] restarting due to changes...[39m
[32m[nodemon] starting `node src/server.js`[39m
✅ MongoDB connected successfully
Database: test
📅 Starting news aggregation scheduler...
Starting scheduled news aggregation...
Starting news aggregation for language: te
Fetching from: https://news.google.com/rss/search?q=నెల్లూరు+ఆంధ్రప్రదేశ్&hl=te&gl=IN&ceid=IN:te
✅ News aggregation scheduled to run every 30 minutes
Error fetching RSS feed https://news.google.com/rss/search?q=నెల్లూరు+ఆంధ్రప్రదేశ్&hl=te&gl=IN&ceid=IN:te: Request path contains unescaped characters
node:events:485
      throw er; // Unhandled 'error' event
      ^

Error: listen EADDRINUSE: address already in use :::5001
    at Server.setupListenHandle [as _listen2] (node:net:1940:16)
    at listenInCluster (node:net:1997:12)
    at Server.listen (node:net:2102:7)
    at app.listen (/Users/vishnupenuvarthi/Desktop/media/backend/node_modules/express/lib/application.js:635:24)
    at start (file:///Users/vishnupenuvarthi/Desktop/media/backend/src/server.js:14:7)
    at process.processTicksAndRejections (node:internal/process/task_queues:105:5)
Emitted 'error' event on Server instance at:
    at emitErrorNT (node:net:1976:8)
    at process.processTicksAndRejections (node:internal/process/task_queues:90:21) {
  code: 'EADDRINUSE',
  errno: -48,
  syscall: 'listen',
  address: '::',
  port: 5001
}

Node.js v24.3.0
[31m[nodemon] app crashed - waiting for file changes before starting...[39m
[32m[nodemon] restarting due to changes...[39m
[32m[nodemon] starting `node src/server.js`[39m
✅ MongoDB connected successfully
Database: test
📅 Starting news aggregation scheduler...
Starting scheduled news aggregation...
Starting news aggregation for language: te
Fetching from: https://news.google.com/rss/search?q=నెల్లూరు+ఆంధ్రప్రదేశ్&hl=te&gl=IN&ceid=IN:te
✅ News aggregation scheduled to run every 30 minutes
Error fetching RSS feed https://news.google.com/rss/search?q=నెల్లూరు+ఆంధ్రప్రదేశ్&hl=te&gl=IN&ceid=IN:te: Request path contains unescaped characters
node:events:485
      throw er; // Unhandled 'error' event
      ^

Error: listen EADDRINUSE: address already in use :::5001
    at Server.setupListenHandle [as _listen2] (node:net:1940:16)
    at listenInCluster (node:net:1997:12)
    at Server.listen (node:net:2102:7)
    at app.listen (/Users/vishnupenuvarthi/Desktop/media/backend/node_modules/express/lib/application.js:635:24)
    at start (file:///Users/vishnupenuvarthi/Desktop/media/backend/src/server.js:14:7)
    at process.processTicksAndRejections (node:internal/process/task_queues:105:5)
Emitted 'error' event on Server instance at:
    at emitErrorNT (node:net:1976:8)
    at process.processTicksAndRejections (node:internal/process/task_queues:90:21) {
  code: 'EADDRINUSE',
  errno: -48,
  syscall: 'listen',
  address: '::',
  port: 5001
}

Node.js v24.3.0
[31m[nodemon] app crashed - waiting for file changes before starting...[39m
[32m[nodemon] restarting due to changes...[39m
[32m[nodemon] starting `node src/server.js`[39m
✅ MongoDB connected successfully
Database: test
📅 Starting news aggregation scheduler...
Starting scheduled news aggregation...
Starting news aggregation for language: te
Fetching from: https://news.google.com/rss/search?q=నెల్లూరు+ఆంధ్రప్రదేశ్&hl=te&gl=IN&ceid=IN:te
✅ News aggregation scheduled to run every 30 minutes
Error fetching RSS feed https://news.google.com/rss/search?q=నెల్లూరు+ఆంధ్రప్రదేశ్&hl=te&gl=IN&ceid=IN:te: Request path contains unescaped characters
Server running on port 5001
[32m[nodemon] restarting due to changes...[39m
[32m[nodemon] starting `node src/server.js`[39m
✅ MongoDB connected successfully
Database: test
📅 Starting news aggregation scheduler...
Starting scheduled news aggregation...
Starting news aggregation for language: te
Fetching from: https://news.google.com/rss/search?q=నెల్లూరు+ఆంధ్రప్రదేశ్&hl=te&gl=IN&ceid=IN:te
✅ News aggregation scheduled to run every 30 minutes
Error fetching RSS feed https://news.google.com/rss/search?q=నెల్లూరు+ఆంధ్రప్రదేశ్&hl=te&gl=IN&ceid=IN:te: Request path contains unescaped characters
Server running on port 5001
Fetching from: https://news.google.com/rss/search?q=నెల్లూరు+వార్తలు&hl=te&gl=IN&ceid=IN:te
Error fetching RSS feed https://news.google.com/rss/search?q=నెల్లూరు+వార్తలు&hl=te&gl=IN&ceid=IN:te: Request path contains unescaped characters
Fetching from: https://www.etvbharat.com/telugu/andhra-pradesh/rss-feed
Error fetching RSS feed https://www.etvbharat.com/telugu/andhra-pradesh/rss-feed: Status code 410
Fetching from: https://www.sakshi.com/rss/telugu/andhra-pradesh
Error fetching RSS feed https://www.sakshi.com/rss/telugu/andhra-pradesh: Attribute without value
Line: 46
Column: 15
Char: s
Found 0 articles for te
After deduplication: 0 articles
Aggregation complete - Saved: 0, Skipped: 0
Starting news aggregation for language: en
Fetching from: https://news.google.com/rss/search?q=Nellore+Andhra+Pradesh&hl=en-IN&gl=IN&ceid=IN:en
Fetching from: https://news.google.com/rss/search?q=Nellore+news&hl=en-IN&gl=IN&ceid=IN:en
[32m[nodemon] restarting due to changes...[39m
[32m[nodemon] starting `node src/server.js`[39m
✅ MongoDB connected successfully
Database: test
📅 Starting news aggregation scheduler...
Starting scheduled news aggregation...
Starting news aggregation for language: te
Fetching from: https://news.google.com/rss/search?q=నెల్లూరు+ఆంధ్రప్రదేశ్&hl=te&gl=IN&ceid=IN:te
✅ News aggregation scheduled to run every 30 minutes
Error fetching RSS feed https://news.google.com/rss/search?q=నెల్లూరు+ఆంధ్రప్రదేశ్&hl=te&gl=IN&ceid=IN:te: Request path contains unescaped characters
node:events:485
      throw er; // Unhandled 'error' event
      ^

Error: listen EADDRINUSE: address already in use :::5001
    at Server.setupListenHandle [as _listen2] (node:net:1940:16)
    at listenInCluster (node:net:1997:12)
    at Server.listen (node:net:2102:7)
    at app.listen (/Users/vishnupenuvarthi/Desktop/media/backend/node_modules/express/lib/application.js:635:24)
    at start (file:///Users/vishnupenuvarthi/Desktop/media/backend/src/server.js:14:7)
    at process.processTicksAndRejections (node:internal/process/task_queues:105:5)
Emitted 'error' event on Server instance at:
    at emitErrorNT (node:net:1976:8)
    at process.processTicksAndRejections (node:internal/process/task_queues:90:21) {
  code: 'EADDRINUSE',
  errno: -48,
  syscall: 'listen',
  address: '::',
  port: 5001
}

Node.js v24.3.0
[31m[nodemon] app crashed - waiting for file changes before starting...[39m
[32m[nodemon] restarting due to changes...[39m
[32m[nodemon] starting `node src/server.js`[39m
[32m[nodemon] restarting due to changes...[39m
[32m[nodemon] restarting due to changes...[39m
[32m[nodemon] restarting due to changes...[39m
[32m[nodemon] restarting due to changes...[39m
[32m[nodemon] restarting due to changes...[39m
[32m[nodemon] restarting due to changes...[39m
[32m[nodemon] restarting due to changes...[39m
[32m[nodemon] restarting due to changes...[39m
[32m[nodemon] restarting due to changes...[39m
[32m[nodemon] starting `node src/server.js`[39m
✅ MongoDB connected successfully
Database: test
📅 Starting news aggregation scheduler...
Starting scheduled news aggregation...
Starting news aggregation for language: te
Fetching from: https://news.google.com/rss/search?q=నెల్లూరు+ఆంధ్రప్రదేశ్&hl=te&gl=IN&ceid=IN:te
✅ News aggregation scheduled to run every 30 minutes
Error fetching RSS feed https://news.google.com/rss/search?q=నెల్లూరు+ఆంధ్రప్రదేశ్&hl=te&gl=IN&ceid=IN:te: Request path contains unescaped characters
Server running on port 5001
Fetching from: https://news.google.com/rss/search?q=నెల్లూరు+వార్తలు&hl=te&gl=IN&ceid=IN:te
Error fetching RSS feed https://news.google.com/rss/search?q=నెల్లూరు+వార్తలు&hl=te&gl=IN&ceid=IN:te: Request path contains unescaped characters
Fetching from: https://www.etvbharat.com/telugu/andhra-pradesh/rss-feed
Error fetching RSS feed https://www.etvbharat.com/telugu/andhra-pradesh/rss-feed: Status code 410
Fetching from: https://www.sakshi.com/rss/telugu/andhra-pradesh
Error fetching RSS feed https://www.sakshi.com/rss/telugu/andhra-pradesh: Attribute without value
Line: 46
Column: 15
Char: s
Found 0 articles for te
After deduplication: 0 articles
Aggregation complete - Saved: 0, Skipped: 0
Starting news aggregation for language: en
Fetching from: https://news.google.com/rss/search?q=Nellore+Andhra+Pradesh&hl=en-IN&gl=IN&ceid=IN:en
Fetching from: https://news.google.com/rss/search?q=Nellore+news&hl=en-IN&gl=IN&ceid=IN:en
Found 196 articles for en
After deduplication: 165 articles
Error in scheduled news aggregation: MongoServerError: E11000 duplicate key error collection: test.users index: oauthProvider_1_oauthId_1 dup key: { oauthProvider: null, oauthId: null }
    at InsertOneOperation.handleOk (/Users/vishnupenuvarthi/Desktop/media/backend/node_modules/mongodb/lib/operations/insert.js:51:19)
    at tryOperation (/Users/vishnupenuvarthi/Desktop/media/backend/node_modules/mongodb/lib/operations/execute_operation.js:214:34)
    at process.processTicksAndRejections (node:internal/process/task_queues:105:5)
    at async executeOperation (/Users/vishnupenuvarthi/Desktop/media/backend/node_modules/mongodb/lib/operations/execute_operation.js:78:16)
    at async Collection.insertOne (/Users/vishnupenuvarthi/Desktop/media/backend/node_modules/mongodb/lib/collection.js:154:16) {
  errorLabelSet: Set(0) {},
  errorResponse: {
    index: 0,
    code: 11000,
    errmsg: 'E11000 duplicate key error collection: test.users index: oauthProvider_1_oauthId_1 dup key: { oauthProvider: null, oauthId: null }',
    keyPattern: { oauthProvider: 1, oauthId: 1 },
    keyValue: { oauthProvider: null, oauthId: null }
  },
  index: 0,
  code: 11000,
  keyPattern: { oauthProvider: 1, oauthId: 1 },
  keyValue: { oauthProvider: null, oauthId: null }
}
[0mGET /api/articles?flag=breaking&lang=te [32m200[0m 69.401 ms - 2[0m
[0mGET /api/home?lang=te [32m200[0m 975.330 ms - 239[0m
[0mGET /api/categories/nellore-english [32m200[0m 149.889 ms - 196[0m
[0mGET /api/home?lang=te [36m304[0m 75.294 ms - -[0m
[0mGET /api/articles?flag=breaking&lang=te [36m304[0m 64.244 ms - -[0m
file:///Users/vishnupenuvarthi/Desktop/media/backend/src/controllers/category.controller.js:8
    throw new ApiError(404, 'Category not found');
          ^

ApiError: Category not found
    at getCategory (file:///Users/vishnupenuvarthi/Desktop/media/backend/src/controllers/category.controller.js:8:11)
    at process.processTicksAndRejections (node:internal/process/task_queues:105:5) {
  statusCode: 404,
  details: undefined
}

Node.js v24.3.0
[31m[nodemon] app crashed - waiting for file changes before starting...[39m
[32m[nodemon] restarting due to changes...[39m
[32m[nodemon] starting `node src/server.js`[39m
[32m[nodemon] restarting due to changes...[39m
[32m[nodemon] starting `node src/server.js`[39m
✅ MongoDB connected successfully
Database: test
📅 Starting news aggregation scheduler...
Starting scheduled news aggregation...
Starting news aggregation for language: te
Fetching from: https://news.google.com/rss/search?q=నెల్లూరు+ఆంధ్రప్రదేశ్&hl=te&gl=IN&ceid=IN:te
✅ News aggregation scheduled to run every 30 minutes
Error fetching RSS feed https://news.google.com/rss/search?q=నెల్లూరు+ఆంధ్రప్రదేశ్&hl=te&gl=IN&ceid=IN:te: Request path contains unescaped characters
Server running on port 5001
Fetching from: https://news.google.com/rss/search?q=నెల్లూరు+వార్తలు&hl=te&gl=IN&ceid=IN:te
Error fetching RSS feed https://news.google.com/rss/search?q=నెల్లూరు+వార్తలు&hl=te&gl=IN&ceid=IN:te: Request path contains unescaped characters
[32m[nodemon] restarting due to changes...[39m
[32m[nodemon] starting `node src/server.js`[39m
✅ MongoDB connected successfully
Database: test
📅 Starting news aggregation scheduler...
Starting scheduled news aggregation...
Starting news aggregation for language: te
Fetching from: https://news.google.com/rss/search?q=నెల్లూరు+ఆంధ్రప్రదేశ్&hl=te&gl=IN&ceid=IN:te
✅ News aggregation scheduled to run every 30 minutes
Error fetching RSS feed https://news.google.com/rss/search?q=నెల్లూరు+ఆంధ్రప్రదేశ్&hl=te&gl=IN&ceid=IN:te: Request path contains unescaped characters
node:events:485
      throw er; // Unhandled 'error' event
      ^

Error: listen EADDRINUSE: address already in use :::5001
    at Server.setupListenHandle [as _listen2] (node:net:1940:16)
    at listenInCluster (node:net:1997:12)
    at Server.listen (node:net:2102:7)
    at app.listen (/Users/vishnupenuvarthi/Desktop/media/backend/node_modules/express/lib/application.js:635:24)
    at start (file:///Users/vishnupenuvarthi/Desktop/media/backend/src/server.js:14:7)
    at process.processTicksAndRejections (node:internal/process/task_queues:105:5)
Emitted 'error' event on Server instance at:
    at emitErrorNT (node:net:1976:8)
    at process.processTicksAndRejections (node:internal/process/task_queues:90:21) {
  code: 'EADDRINUSE',
  errno: -48,
  syscall: 'listen',
  address: '::',
  port: 5001
}

Node.js v24.3.0
[31m[nodemon] app crashed - waiting for file changes before starting...[39m
[32m[nodemon] restarting due to changes...[39m
[32m[nodemon] starting `node src/server.js`[39m
✅ MongoDB connected successfully
Database: test
📅 Starting news aggregation scheduler...
Starting scheduled news aggregation...
Starting news aggregation for language: te
Fetching from: https://news.google.com/rss/search?q=నెల్లూరు+ఆంధ్రప్రదేశ్&hl=te&gl=IN&ceid=IN:te
✅ News aggregation scheduled to run every 30 minutes
Error fetching RSS feed https://news.google.com/rss/search?q=నెల్లూరు+ఆంధ్రప్రదేశ్&hl=te&gl=IN&ceid=IN:te: Request path contains unescaped characters
node:events:485
      throw er; // Unhandled 'error' event
      ^

Error: listen EADDRINUSE: address already in use :::5001
    at Server.setupListenHandle [as _listen2] (node:net:1940:16)
    at listenInCluster (node:net:1997:12)
    at Server.listen (node:net:2102:7)
    at app.listen (/Users/vishnupenuvarthi/Desktop/media/backend/node_modules/express/lib/application.js:635:24)
    at start (file:///Users/vishnupenuvarthi/Desktop/media/backend/src/server.js:14:7)
    at process.processTicksAndRejections (node:internal/process/task_queues:105:5)
Emitted 'error' event on Server instance at:
    at emitErrorNT (node:net:1976:8)
    at process.processTicksAndRejections (node:internal/process/task_queues:90:21) {
  code: 'EADDRINUSE',
  errno: -48,
  syscall: 'listen',
  address: '::',
  port: 5001
}

Node.js v24.3.0
[31m[nodemon] app crashed - waiting for file changes before starting...[39m
[32m[nodemon] restarting due to changes...[39m
[32m[nodemon] starting `node src/server.js`[39m
✅ MongoDB connected successfully
Database: test
📅 Starting news aggregation scheduler...
Starting scheduled news aggregation...
Starting news aggregation for language: te
Fetching from: https://news.google.com/rss/search?q=నెల్లూరు+ఆంధ్రప్రదేశ్&hl=te&gl=IN&ceid=IN:te
✅ News aggregation scheduled to run every 30 minutes
Error fetching RSS feed https://news.google.com/rss/search?q=నెల్లూరు+ఆంధ్రప్రదేశ్&hl=te&gl=IN&ceid=IN:te: Request path contains unescaped characters
Server running on port 5001
Fetching from: https://news.google.com/rss/search?q=నెల్లూరు+వార్తలు&hl=te&gl=IN&ceid=IN:te
Error fetching RSS feed https://news.google.com/rss/search?q=నెల్లూరు+వార్తలు&hl=te&gl=IN&ceid=IN:te: Request path contains unescaped characters
Fetching from: https://www.etvbharat.com/telugu/andhra-pradesh/rss-feed
Error fetching RSS feed https://www.etvbharat.com/telugu/andhra-pradesh/rss-feed: Status code 410
Fetching from: https://www.sakshi.com/rss/telugu/andhra-pradesh
Error fetching RSS feed https://www.sakshi.com/rss/telugu/andhra-pradesh: Attribute without value
Line: 46
Column: 15
Char: s
[32m[nodemon] restarting due to changes...[39m
[32m[nodemon] starting `node src/server.js`[39m
✅ MongoDB connected successfully
Database: test
📅 Starting news aggregation scheduler...
Starting scheduled news aggregation...
Starting news aggregation for language: te
Fetching from: https://news.google.com/rss/search?q=నెల్లూరు+ఆంధ్రప్రదేశ్&hl=te&gl=IN&ceid=IN:te
✅ News aggregation scheduled to run every 30 minutes
Error fetching RSS feed https://news.google.com/rss/search?q=నెల్లూరు+ఆంధ్రప్రదేశ్&hl=te&gl=IN&ceid=IN:te: Request path contains unescaped characters
Server running on port 5001
Fetching from: https://news.google.com/rss/search?q=నెల్లూరు+వార్తలు&hl=te&gl=IN&ceid=IN:te
Error fetching RSS feed https://news.google.com/rss/search?q=నెల్లూరు+వార్తలు&hl=te&gl=IN&ceid=IN:te: Request path contains unescaped characters
Fetching from: https://www.etvbharat.com/telugu/andhra-pradesh/rss-feed
Error fetching RSS feed https://www.etvbharat.com/telugu/andhra-pradesh/rss-feed: Status code 410
Fetching from: https://www.sakshi.com/rss/telugu/andhra-pradesh
Error fetching RSS feed https://www.sakshi.com/rss/telugu/andhra-pradesh: Attribute without value
Line: 46
Column: 15
Char: s
Found 0 articles for te
After deduplication: 0 articles
Aggregation complete - Saved: 0, Skipped: 0
Starting news aggregation for language: en
Fetching from: https://news.google.com/rss/search?q=Nellore+Andhra+Pradesh&hl=en-IN&gl=IN&ceid=IN:en
Fetching from: https://news.google.com/rss/search?q=Nellore+news&hl=en-IN&gl=IN&ceid=IN:en
Found 195 articles for en
After deduplication: 164 articles
Error in scheduled news aggregation: MongoServerError: E11000 duplicate key error collection: test.users index: oauthProvider_1_oauthId_1 dup key: { oauthProvider: null, oauthId: null }
    at InsertOneOperation.handleOk (/Users/vishnupenuvarthi/Desktop/media/backend/node_modules/mongodb/lib/operations/insert.js:51:19)
    at tryOperation (/Users/vishnupenuvarthi/Desktop/media/backend/node_modules/mongodb/lib/operations/execute_operation.js:214:34)
    at process.processTicksAndRejections (node:internal/process/task_queues:105:5)
    at async executeOperation (/Users/vishnupenuvarthi/Desktop/media/backend/node_modules/mongodb/lib/operations/execute_operation.js:78:16)
    at async Collection.insertOne (/Users/vishnupenuvarthi/Desktop/media/backend/node_modules/mongodb/lib/collection.js:154:16) {
  errorLabelSet: Set(0) {},
  errorResponse: {
    index: 0,
    code: 11000,
    errmsg: 'E11000 duplicate key error collection: test.users index: oauthProvider_1_oauthId_1 dup key: { oauthProvider: null, oauthId: null }',
    keyPattern: { oauthProvider: 1, oauthId: 1 },
    keyValue: { oauthProvider: null, oauthId: null }
  },
  index: 0,
  code: 11000,
  keyPattern: { oauthProvider: 1, oauthId: 1 },
  keyValue: { oauthProvider: null, oauthId: null }
}
[32m[nodemon] restarting due to changes...[39m
[32m[nodemon] starting `node src/server.js`[39m
✅ MongoDB connected successfully
Database: test
📅 Starting news aggregation scheduler...
Starting scheduled news aggregation...
Starting news aggregation for language: te
Fetching from: https://news.google.com/rss/search?q=నెల్లూరు+ఆంధ్రప్రదేశ్&hl=te&gl=IN&ceid=IN:te
✅ News aggregation scheduled to run every 30 minutes
Error fetching RSS feed https://news.google.com/rss/search?q=నెల్లూరు+ఆంధ్రప్రదేశ్&hl=te&gl=IN&ceid=IN:te: Request path contains unescaped characters
node:events:485
      throw er; // Unhandled 'error' event
      ^

Error: listen EADDRINUSE: address already in use :::5001
    at Server.setupListenHandle [as _listen2] (node:net:1940:16)
    at listenInCluster (node:net:1997:12)
    at Server.listen (node:net:2102:7)
    at app.listen (/Users/vishnupenuvarthi/Desktop/media/backend/node_modules/express/lib/application.js:635:24)
    at start (file:///Users/vishnupenuvarthi/Desktop/media/backend/src/server.js:14:7)
    at process.processTicksAndRejections (node:internal/process/task_queues:105:5)
Emitted 'error' event on Server instance at:
    at emitErrorNT (node:net:1976:8)
    at process.processTicksAndRejections (node:internal/process/task_queues:90:21) {
  code: 'EADDRINUSE',
  errno: -48,
  syscall: 'listen',
  address: '::',
  port: 5001
}

Node.js v24.3.0
[31m[nodemon] app crashed - waiting for file changes before starting...[39m
[32m[nodemon] restarting due to changes...[39m
[32m[nodemon] starting `node src/server.js`[39m
✅ MongoDB connected successfully
Database: test
📅 Starting news aggregation scheduler...
Starting scheduled news aggregation...
Starting news aggregation for language: te
Fetching from: https://news.google.com/rss/search?q=నెల్లూరు+ఆంధ్రప్రదేశ్&hl=te&gl=IN&ceid=IN:te
✅ News aggregation scheduled to run every 30 minutes
Error fetching RSS feed https://news.google.com/rss/search?q=నెల్లూరు+ఆంధ్రప్రదేశ్&hl=te&gl=IN&ceid=IN:te: Request path contains unescaped characters
node:events:485
      throw er; // Unhandled 'error' event
      ^

Error: listen EADDRINUSE: address already in use :::5001
    at Server.setupListenHandle [as _listen2] (node:net:1940:16)
    at listenInCluster (node:net:1997:12)
    at Server.listen (node:net:2102:7)
    at app.listen (/Users/vishnupenuvarthi/Desktop/media/backend/node_modules/express/lib/application.js:635:24)
    at start (file:///Users/vishnupenuvarthi/Desktop/media/backend/src/server.js:14:7)
    at process.processTicksAndRejections (node:internal/process/task_queues:105:5)
Emitted 'error' event on Server instance at:
    at emitErrorNT (node:net:1976:8)
    at process.processTicksAndRejections (node:internal/process/task_queues:90:21) {
  code: 'EADDRINUSE',
  errno: -48,
  syscall: 'listen',
  address: '::',
  port: 5001
}

Node.js v24.3.0
[31m[nodemon] app crashed - waiting for file changes before starting...[39m
[32m[nodemon] restarting due to changes...[39m
[32m[nodemon] starting `node src/server.js`[39m
✅ MongoDB connected successfully
Database: test
📅 Starting news aggregation scheduler...
Starting scheduled news aggregation...
Starting news aggregation for language: te
Fetching from: https://news.google.com/rss/search?q=నెల్లూరు+ఆంధ్రప్రదేశ్&hl=te&gl=IN&ceid=IN:te
✅ News aggregation scheduled to run every 30 minutes
Error fetching RSS feed https://news.google.com/rss/search?q=నెల్లూరు+ఆంధ్రప్రదేశ్&hl=te&gl=IN&ceid=IN:te: Request path contains unescaped characters
node:events:485
      throw er; // Unhandled 'error' event
      ^

Error: listen EADDRINUSE: address already in use :::5001
    at Server.setupListenHandle [as _listen2] (node:net:1940:16)
    at listenInCluster (node:net:1997:12)
    at Server.listen (node:net:2102:7)
    at app.listen (/Users/vishnupenuvarthi/Desktop/media/backend/node_modules/express/lib/application.js:635:24)
    at start (file:///Users/vishnupenuvarthi/Desktop/media/backend/src/server.js:14:7)
    at process.processTicksAndRejections (node:internal/process/task_queues:105:5)
Emitted 'error' event on Server instance at:
    at emitErrorNT (node:net:1976:8)
    at process.processTicksAndRejections (node:internal/process/task_queues:90:21) {
  code: 'EADDRINUSE',
  errno: -48,
  syscall: 'listen',
  address: '::',
  port: 5001
}

Node.js v24.3.0
[31m[nodemon] app crashed - waiting for file changes before starting...[39m
[32m[nodemon] restarting due to changes...[39m
[32m[nodemon] starting `node src/server.js`[39m
[32m[nodemon] restarting due to changes...[39m
[32m[nodemon] starting `node src/server.js`[39m
✅ MongoDB connected successfully
Database: test
📅 Starting news aggregation scheduler...
Starting scheduled news aggregation...
Starting news aggregation for language: te
Fetching from: https://news.google.com/rss/search?q=నెల్లూరు+ఆంధ్రప్రదేశ్&hl=te&gl=IN&ceid=IN:te
✅ News aggregation scheduled to run every 30 minutes
Error fetching RSS feed https://news.google.com/rss/search?q=నెల్లూరు+ఆంధ్రప్రదేశ్&hl=te&gl=IN&ceid=IN:te: Request path contains unescaped characters
node:events:485
      throw er; // Unhandled 'error' event
      ^

Error: listen EADDRINUSE: address already in use :::5001
    at Server.setupListenHandle [as _listen2] (node:net:1940:16)
    at listenInCluster (node:net:1997:12)
    at Server.listen (node:net:2102:7)
    at app.listen (/Users/vishnupenuvarthi/Desktop/media/backend/node_modules/express/lib/application.js:635:24)
    at start (file:///Users/vishnupenuvarthi/Desktop/media/backend/src/server.js:14:7)
    at process.processTicksAndRejections (node:internal/process/task_queues:105:5)
Emitted 'error' event on Server instance at:
    at emitErrorNT (node:net:1976:8)
    at process.processTicksAndRejections (node:internal/process/task_queues:90:21) {
  code: 'EADDRINUSE',
  errno: -48,
  syscall: 'listen',
  address: '::',
  port: 5001
}

Node.js v24.3.0
[31m[nodemon] app crashed - waiting for file changes before starting...[39m
[32m[nodemon] restarting due to changes...[39m
[32m[nodemon] starting `node src/server.js`[39m
✅ MongoDB connected successfully
Database: test
📅 Starting news aggregation scheduler...
Starting scheduled news aggregation...
Starting news aggregation for language: te
Fetching from: https://news.google.com/rss/search?q=నెల్లూరు+ఆంధ్రప్రదేశ్&hl=te&gl=IN&ceid=IN:te
✅ News aggregation scheduled to run every 30 minutes
Error fetching RSS feed https://news.google.com/rss/search?q=నెల్లూరు+ఆంధ్రప్రదేశ్&hl=te&gl=IN&ceid=IN:te: Request path contains unescaped characters
node:events:485
      throw er; // Unhandled 'error' event
      ^

Error: listen EADDRINUSE: address already in use :::5001
    at Server.setupListenHandle [as _listen2] (node:net:1940:16)
    at listenInCluster (node:net:1997:12)
    at Server.listen (node:net:2102:7)
    at app.listen (/Users/vishnupenuvarthi/Desktop/media/backend/node_modules/express/lib/application.js:635:24)
    at start (file:///Users/vishnupenuvarthi/Desktop/media/backend/src/server.js:14:7)
    at process.processTicksAndRejections (node:internal/process/task_queues:105:5)
Emitted 'error' event on Server instance at:
    at emitErrorNT (node:net:1976:8)
    at process.processTicksAndRejections (node:internal/process/task_queues:90:21) {
  code: 'EADDRINUSE',
  errno: -48,
  syscall: 'listen',
  address: '::',
  port: 5001
}

Node.js v24.3.0
[31m[nodemon] app crashed - waiting for file changes before starting...[39m
[32m[nodemon] restarting due to changes...[39m
[32m[nodemon] starting `node src/server.js`[39m
✅ MongoDB connected successfully
Database: test
📅 Starting news aggregation scheduler...
Starting scheduled news aggregation...
Starting news aggregation for language: te
Fetching from: https://news.google.com/rss/search?q=నెల్లూరు+ఆంధ్రప్రదేశ్&hl=te&gl=IN&ceid=IN:te
✅ News aggregation scheduled to run every 30 minutes
Error fetching RSS feed https://news.google.com/rss/search?q=నెల్లూరు+ఆంధ్రప్రదేశ్&hl=te&gl=IN&ceid=IN:te: Request path contains unescaped characters
node:events:485
      throw er; // Unhandled 'error' event
      ^

Error: listen EADDRINUSE: address already in use :::5001
    at Server.setupListenHandle [as _listen2] (node:net:1940:16)
    at listenInCluster (node:net:1997:12)
    at Server.listen (node:net:2102:7)
    at app.listen (/Users/vishnupenuvarthi/Desktop/media/backend/node_modules/express/lib/application.js:635:24)
    at start (file:///Users/vishnupenuvarthi/Desktop/media/backend/src/server.js:14:7)
    at process.processTicksAndRejections (node:internal/process/task_queues:105:5)
Emitted 'error' event on Server instance at:
    at emitErrorNT (node:net:1976:8)
    at process.processTicksAndRejections (node:internal/process/task_queues:90:21) {
  code: 'EADDRINUSE',
  errno: -48,
  syscall: 'listen',
  address: '::',
  port: 5001
}

Node.js v24.3.0
[31m[nodemon] app crashed - waiting for file changes before starting...[39m
[32m[nodemon] restarting due to changes...[39m
[32m[nodemon] starting `node src/server.js`[39m
[32m[nodemon] restarting due to changes...[39m
[32m[nodemon] restarting due to changes...[39m
[32m[nodemon] restarting due to changes...[39m
[32m[nodemon] restarting due to changes...[39m
[32m[nodemon] starting `node src/server.js`[39m
[32m[nodemon] restarting due to changes...[39m
[32m[nodemon] restarting due to changes...[39m
[32m[nodemon] starting `node src/server.js`[39m
✅ MongoDB connected successfully
Database: test
📅 Starting news aggregation scheduler...
Starting scheduled news aggregation...
Starting news aggregation for language: te
Fetching from: https://news.google.com/rss/search?q=నెల్లూరు+ఆంధ్రప్రదేశ్&hl=te&gl=IN&ceid=IN:te
✅ News aggregation scheduled to run every 30 minutes
Error fetching RSS feed https://news.google.com/rss/search?q=నెల్లూరు+ఆంధ్రప్రదేశ్&hl=te&gl=IN&ceid=IN:te: Request path contains unescaped characters
node:events:485
      throw er; // Unhandled 'error' event
      ^

Error: listen EADDRINUSE: address already in use :::5001
    at Server.setupListenHandle [as _listen2] (node:net:1940:16)
    at listenInCluster (node:net:1997:12)
    at Server.listen (node:net:2102:7)
    at app.listen (/Users/vishnupenuvarthi/Desktop/media/backend/node_modules/express/lib/application.js:635:24)
    at start (file:///Users/vishnupenuvarthi/Desktop/media/backend/src/server.js:14:7)
    at process.processTicksAndRejections (node:internal/process/task_queues:105:5)
Emitted 'error' event on Server instance at:
    at emitErrorNT (node:net:1976:8)
    at process.processTicksAndRejections (node:internal/process/task_queues:90:21) {
  code: 'EADDRINUSE',
  errno: -48,
  syscall: 'listen',
  address: '::',
  port: 5001
}

Node.js v24.3.0
[31m[nodemon] app crashed - waiting for file changes before starting...[39m
